it\prova\pokeronline\repository\utente\CustomUtenteRepository.class
it\prova\pokeronline\service\TavoloService.class
it\prova\pokeronline\model\StatoUtente.class
it\prova\pokeronline\dto\TavoloDTO.class
it\prova\pokeronline\validation\ValidationNoPassword.class
it\prova\pokeronline\service\UtenteService.class
it\prova\pokeronline\validation\ValidationWithPassword.class
it\prova\pokeronline\repository\ruolo\RuoloRepository.class
it\prova\pokeronline\PokeronlineApplication.class
it\prova\pokeronline\CustomMessageSourceConfiguration.class
it\prova\pokeronline\repository\utente\CustomUtenteRepositoryImpl.class
it\prova\pokeronline\service\RuoloServiceImpl.class
it\prova\pokeronline\service\UtenteServiceImpl.class
it\prova\pokeronline\model\Utente.class
it\prova\pokeronline\model\Tavolo.class
it\prova\pokeronline\dto\RuoloDTO.class
it\prova\pokeronline\service\RuoloService.class
it\prova\pokeronline\utility\UtilityForm$1.class
it\prova\pokeronline\PersistenceJPAConfig.class
it\prova\pokeronline\web\controller\HomeController.class
it\prova\pokeronline\dto\UtenteDTO.class
it\prova\pokeronline\model\Ruolo.class
it\prova\pokeronline\utility\UtilityForm$2.class
it\prova\pokeronline\service\TavoloServiceImpl.class
it\prova\pokeronline\repository\utente\UtenteRepository.class
it\prova\pokeronline\ServletInitializer.class
it\prova\pokeronline\utility\UtilityForm.class
it\prova\pokeronline\repository\tavolo\TavoloRepository.class
