H:\Altri computer\Il mio laptop (1)\ws_eclipse\pokeronline\src\main\java\it\prova\pokeronline\repository\utente\UtenteRepository.java
H:\Altri computer\Il mio laptop (1)\ws_eclipse\pokeronline\src\main\java\it\prova\pokeronline\model\Ruolo.java
H:\Altri computer\Il mio laptop (1)\ws_eclipse\pokeronline\src\main\java\it\prova\pokeronline\service\TavoloService.java
H:\Altri computer\Il mio laptop (1)\ws_eclipse\pokeronline\src\main\java\it\prova\pokeronline\service\TavoloServiceImpl.java
H:\Altri computer\Il mio laptop (1)\ws_eclipse\pokeronline\src\main\java\it\prova\pokeronline\PokeronlineApplication.java
H:\Altri computer\Il mio laptop (1)\ws_eclipse\pokeronline\src\main\java\it\prova\pokeronline\validation\ValidationNoPassword.java
H:\Altri computer\Il mio laptop (1)\ws_eclipse\pokeronline\src\main\java\it\prova\pokeronline\model\StatoUtente.java
H:\Altri computer\Il mio laptop (1)\ws_eclipse\pokeronline\src\main\java\it\prova\pokeronline\model\Utente.java
H:\Altri computer\Il mio laptop (1)\ws_eclipse\pokeronline\src\main\java\it\prova\pokeronline\validation\ValidationWithPassword.java
H:\Altri computer\Il mio laptop (1)\ws_eclipse\pokeronline\src\main\java\it\prova\pokeronline\CustomMessageSourceConfiguration.java
H:\Altri computer\Il mio laptop (1)\ws_eclipse\pokeronline\src\main\java\it\prova\pokeronline\service\RuoloService.java
H:\Altri computer\Il mio laptop (1)\ws_eclipse\pokeronline\src\main\java\it\prova\pokeronline\dto\RuoloDTO.java
H:\Altri computer\Il mio laptop (1)\ws_eclipse\pokeronline\src\main\java\it\prova\pokeronline\web\controller\HomeController.java
H:\Altri computer\Il mio laptop (1)\ws_eclipse\pokeronline\src\main\java\it\prova\pokeronline\dto\TavoloDTO.java
H:\Altri computer\Il mio laptop (1)\ws_eclipse\pokeronline\src\main\java\it\prova\pokeronline\service\UtenteService.java
H:\Altri computer\Il mio laptop (1)\ws_eclipse\pokeronline\src\main\java\it\prova\pokeronline\model\Tavolo.java
H:\Altri computer\Il mio laptop (1)\ws_eclipse\pokeronline\src\main\java\it\prova\pokeronline\repository\tavolo\TavoloRepository.java
H:\Altri computer\Il mio laptop (1)\ws_eclipse\pokeronline\src\main\java\it\prova\pokeronline\repository\utente\CustomUtenteRepositoryImpl.java
H:\Altri computer\Il mio laptop (1)\ws_eclipse\pokeronline\src\main\java\it\prova\pokeronline\ServletInitializer.java
H:\Altri computer\Il mio laptop (1)\ws_eclipse\pokeronline\src\main\java\it\prova\pokeronline\utility\UtilityForm.java
H:\Altri computer\Il mio laptop (1)\ws_eclipse\pokeronline\src\main\java\it\prova\pokeronline\service\UtenteServiceImpl.java
H:\Altri computer\Il mio laptop (1)\ws_eclipse\pokeronline\src\main\java\it\prova\pokeronline\repository\utente\CustomUtenteRepository.java
H:\Altri computer\Il mio laptop (1)\ws_eclipse\pokeronline\src\main\java\it\prova\pokeronline\PersistenceJPAConfig.java
H:\Altri computer\Il mio laptop (1)\ws_eclipse\pokeronline\src\main\java\it\prova\pokeronline\dto\UtenteDTO.java
H:\Altri computer\Il mio laptop (1)\ws_eclipse\pokeronline\src\main\java\it\prova\pokeronline\service\RuoloServiceImpl.java
H:\Altri computer\Il mio laptop (1)\ws_eclipse\pokeronline\src\main\java\it\prova\pokeronline\repository\ruolo\RuoloRepository.java
